// Jest Snapshot v1, https://goo.gl/fbAQLP

exports[`Products Index renders correctly 1`] = `
<WithStyles(Grid)
  className="ProductList-container-1"
  container={true}
  spacing={0}
>
  <WithStyles(Grid)
    item={true}
    xs={3}
  >
    <WithStyles(FilterSection)
      loadProducts={[Function]}
      meta={Object {}}
      queryParams={
        Object {
          "categories": Array [],
          "page": 1,
          "priceRange": Array [
            0,
            30000,
          ],
          "sort": "",
        }
      }
      setFilters={[MockFunction]}
    />
  </WithStyles(Grid)>
  <WithStyles(Grid)
    className="ProductList-drawer-2"
    item={true}
    xs={9}
  >
    <WithStyles(Grid)
      item={true}
      xs={12}
    >
      <label>
        Sort By:
        <select
          onChange={[Function]}
          value=""
        >
          <option
            value=""
          >
             -- no sort -- 
          </option>
          <option
            value="price"
          >
            Price (low to high)
          </option>
          <option
            value="-price"
          >
            Price (high to low)
          </option>
        </select>
      </label>
      <WithStyles(Pagination)
        meta={Object {}}
        pageUpdate={[Function]}
        queryParams={
          Object {
            "categories": Array [],
            "page": 1,
            "priceRange": Array [
              0,
              30000,
            ],
            "sort": "",
          }
        }
        setFilters={[MockFunction]}
      />
      <WithStyles(Typography)
        style={
          Object {
            "display": "inline-block",
          }
        }
        variant="h6"
      />
    </WithStyles(Grid)>
    <WithStyles(List)
      data={Array []}
      onItemClick={[Function]}
    />
  </WithStyles(Grid)>
</WithStyles(Grid)>
`;
